Archive member included to satisfy reference by file (symbol)

c:/st/stm32cubeide_1.11.2/stm32cubeide/plugins/com.st.stm32cube.ide.mcu.externaltools.gnu-tools-for-stm32.10.3-2021.10.win32_1.0.100.202210260954/tools/bin/../lib/gcc/arm-none-eabi/10.3.1/../../../../arm-none-eabi/lib/thumb/v7e-m+fp/hard\libc_nano.a(lib_a-atoi.o)
                              ./Core/Src/serial.o (atoi)
c:/st/stm32cubeide_1.11.2/stm32cubeide/plugins/com.st.stm32cube.ide.mcu.externaltools.gnu-tools-for-stm32.10.3-2021.10.win32_1.0.100.202210260954/tools/bin/../lib/gcc/arm-none-eabi/10.3.1/../../../../arm-none-eabi/lib/thumb/v7e-m+fp/hard\libc_nano.a(lib_a-errno.o)
                              ./Core/Src/syscalls.o (__errno)
c:/st/stm32cubeide_1.11.2/stm32cubeide/plugins/com.st.stm32cube.ide.mcu.externaltools.gnu-tools-for-stm32.10.3-2021.10.win32_1.0.100.202210260954/tools/bin/../lib/gcc/arm-none-eabi/10.3.1/../../../../arm-none-eabi/lib/thumb/v7e-m+fp/hard\libc_nano.a(lib_a-exit.o)
                              c:/st/stm32cubeide_1.11.2/stm32cubeide/plugins/com.st.stm32cube.ide.mcu.externaltools.gnu-tools-for-stm32.10.3-2021.10.win32_1.0.100.202210260954/tools/bin/../lib/gcc/arm-none-eabi/10.3.1/../../../../arm-none-eabi/lib/thumb/v7e-m+fp/hard/crt0.o (exit)
c:/st/stm32cubeide_1.11.2/stm32cubeide/plugins/com.st.stm32cube.ide.mcu.externaltools.gnu-tools-for-stm32.10.3-2021.10.win32_1.0.100.202210260954/tools/bin/../lib/gcc/arm-none-eabi/10.3.1/../../../../arm-none-eabi/lib/thumb/v7e-m+fp/hard\libc_nano.a(lib_a-impure.o)
                              c:/st/stm32cubeide_1.11.2/stm32cubeide/plugins/com.st.stm32cube.ide.mcu.externaltools.gnu-tools-for-stm32.10.3-2021.10.win32_1.0.100.202210260954/tools/bin/../lib/gcc/arm-none-eabi/10.3.1/../../../../arm-none-eabi/lib/thumb/v7e-m+fp/hard\libc_nano.a(lib_a-exit.o) (_global_impure_ptr)
c:/st/stm32cubeide_1.11.2/stm32cubeide/plugins/com.st.stm32cube.ide.mcu.externaltools.gnu-tools-for-stm32.10.3-2021.10.win32_1.0.100.202210260954/tools/bin/../lib/gcc/arm-none-eabi/10.3.1/../../../../arm-none-eabi/lib/thumb/v7e-m+fp/hard\libc_nano.a(lib_a-init.o)
                              c:/st/stm32cubeide_1.11.2/stm32cubeide/plugins/com.st.stm32cube.ide.mcu.externaltools.gnu-tools-for-stm32.10.3-2021.10.win32_1.0.100.202210260954/tools/bin/../lib/gcc/arm-none-eabi/10.3.1/../../../../arm-none-eabi/lib/thumb/v7e-m+fp/hard/crt0.o (__libc_init_array)
c:/st/stm32cubeide_1.11.2/stm32cubeide/plugins/com.st.stm32cube.ide.mcu.externaltools.gnu-tools-for-stm32.10.3-2021.10.win32_1.0.100.202210260954/tools/bin/../lib/gcc/arm-none-eabi/10.3.1/../../../../arm-none-eabi/lib/thumb/v7e-m+fp/hard\libc_nano.a(lib_a-memset.o)
                              c:/st/stm32cubeide_1.11.2/stm32cubeide/plugins/com.st.stm32cube.ide.mcu.externaltools.gnu-tools-for-stm32.10.3-2021.10.win32_1.0.100.202210260954/tools/bin/../lib/gcc/arm-none-eabi/10.3.1/../../../../arm-none-eabi/lib/thumb/v7e-m+fp/hard/crt0.o (memset)
c:/st/stm32cubeide_1.11.2/stm32cubeide/plugins/com.st.stm32cube.ide.mcu.externaltools.gnu-tools-for-stm32.10.3-2021.10.win32_1.0.100.202210260954/tools/bin/../lib/gcc/arm-none-eabi/10.3.1/../../../../arm-none-eabi/lib/thumb/v7e-m+fp/hard\libc_nano.a(lib_a-strlen.o)
                              ./Core/Src/serial.o (strlen)
c:/st/stm32cubeide_1.11.2/stm32cubeide/plugins/com.st.stm32cube.ide.mcu.externaltools.gnu-tools-for-stm32.10.3-2021.10.win32_1.0.100.202210260954/tools/bin/../lib/gcc/arm-none-eabi/10.3.1/../../../../arm-none-eabi/lib/thumb/v7e-m+fp/hard\libc_nano.a(lib_a-strncpy.o)
                              ./Core/Src/serial.o (strncpy)
c:/st/stm32cubeide_1.11.2/stm32cubeide/plugins/com.st.stm32cube.ide.mcu.externaltools.gnu-tools-for-stm32.10.3-2021.10.win32_1.0.100.202210260954/tools/bin/../lib/gcc/arm-none-eabi/10.3.1/../../../../arm-none-eabi/lib/thumb/v7e-m+fp/hard\libc_nano.a(lib_a-strtol.o)
                              c:/st/stm32cubeide_1.11.2/stm32cubeide/plugins/com.st.stm32cube.ide.mcu.externaltools.gnu-tools-for-stm32.10.3-2021.10.win32_1.0.100.202210260954/tools/bin/../lib/gcc/arm-none-eabi/10.3.1/../../../../arm-none-eabi/lib/thumb/v7e-m+fp/hard\libc_nano.a(lib_a-atoi.o) (_strtol_r)
c:/st/stm32cubeide_1.11.2/stm32cubeide/plugins/com.st.stm32cube.ide.mcu.externaltools.gnu-tools-for-stm32.10.3-2021.10.win32_1.0.100.202210260954/tools/bin/../lib/gcc/arm-none-eabi/10.3.1/../../../../arm-none-eabi/lib/thumb/v7e-m+fp/hard\libc_nano.a(lib_a-vsprintf.o)
                              ./Core/Src/serial.o (vsprintf)
c:/st/stm32cubeide_1.11.2/stm32cubeide/plugins/com.st.stm32cube.ide.mcu.externaltools.gnu-tools-for-stm32.10.3-2021.10.win32_1.0.100.202210260954/tools/bin/../lib/gcc/arm-none-eabi/10.3.1/../../../../arm-none-eabi/lib/thumb/v7e-m+fp/hard\libc_nano.a(lib_a-ctype_.o)
[...]
Memory Configuration

Name             Origin             Length             Attributes
RAM              0x0000000020000000 0x0000000000010000 xrw
FLASH            0x0000000008000000 0x0000000000020000 xr
*default*        0x0000000000000000 0xffffffffffffffff

Linker script and memory map

LOAD c:/st/stm32cubeide_1.11.2/stm32cubeide/plugins/com.st.stm32cube.ide.mcu.externaltools.gnu-tools-for-stm32.10.3-2021.10.win32_1.0.100.202210260954/tools/bin/../lib/gcc/arm-none-eabi/10.3.1/thumb/v7e-m+fp/hard/crti.o
LOAD c:/st/stm32cubeide_1.11.2/stm32cubeide/plugins/com.st.stm32cube.ide.mcu.externaltools.gnu-tools-for-stm32.10.3-2021.10.win32_1.0.100.202210260954/tools/bin/../lib/gcc/arm-none-eabi/10.3.1/thumb/v7e-m+fp/hard/crtbegin.o
LOAD c:/st/stm32cubeide_1.11.2/stm32cubeide/plugins/com.st.stm32cube.ide.mcu.externaltools.gnu-tools-for-stm32.10.3-2021.10.win32_1.0.100.202210260954/tools/bin/../lib/gcc/arm-none-eabi/10.3.1/../../../../arm-none-eabi/lib/thumb/v7e-m+fp/hard/crt0.o
LOAD ./Core/Src/encoder.o
LOAD ./Core/Src/main.o
LOAD ./Core/Src/motorDriver.o
LOAD ./Core/Src/pid.o
LOAD ./Core/Src/serial.o
LOAD ./Core/Src/stm32f4xx_hal_msp.o
LOAD ./Core/Src/stm32f4xx_it.o
LOAD ./Core/Src/syscalls.o
LOAD ./Core/Src/sysmem.o
LOAD ./Core/Src/system_stm32f4xx.o
LOAD ./Core/Src/test.o
LOAD ./Core/Src/virtualTimer.o
LOAD ./Core/Startup/startup_stm32f401rbtx.o
LOAD ./Drivers/STM32F4xx_HAL_Driver/Src/stm32f4xx_hal.o
LOAD ./Drivers/STM32F4xx_HAL_Driver/Src/stm32f4xx_hal_cortex.o
LOAD ./Drivers/STM32F4xx_HAL_Driver/Src/stm32f4xx_hal_dma.o
LOAD ./Drivers/STM32F4xx_HAL_Driver/Src/stm32f4xx_hal_dma_ex.o
LOAD ./Drivers/STM32F4xx_HAL_Driver/Src/stm32f4xx_hal_exti.o
LOAD ./Drivers/STM32F4xx_HAL_Driver/Src/stm32f4xx_hal_flash.o
LOAD ./Drivers/STM32F4xx_HAL_Driver/Src/stm32f4xx_hal_flash_ex.o
LOAD ./Drivers/STM32F4xx_HAL_Driver/Src/stm32f4xx_hal_flash_ramfunc.o
LOAD ./Drivers/STM32F4xx_HAL_Driver/Src/stm32f4xx_hal_gpio.o
LOAD ./Drivers/STM32F4xx_HAL_Driver/Src/stm32f4xx_hal_pwr.o
LOAD ./Drivers/STM32F4xx_HAL_Driver/Src/stm32f4xx_hal_pwr_ex.o
LOAD ./Drivers/STM32F4xx_HAL_Driver/Src/stm32f4xx_hal_rcc.o
LOAD ./Drivers/STM32F4xx_HAL_Driver/Src/stm32f4xx_hal_rcc_ex.o
LOAD ./Drivers/STM32F4xx_HAL_Driver/Src/stm32f4xx_hal_tim.o
LOAD ./Drivers/STM32F4xx_HAL_Driver/Src/stm32f4xx_hal_tim_ex.o
LOAD ./Drivers/STM32F4xx_HAL_Driver/Src/stm32f4xx_hal_uart.o
START GROUP
LOAD c:/st/stm32cubeide_1.11.2/stm32cubeide/plugins/com.st.stm32cube.ide.mcu.externaltools.gnu-tools-for-stm32.10.3-2021.10.win32_1.0.100.202210260954/tools/bin/../lib/gcc/arm-none-eabi/10.3.1/../../../../arm-none-eabi/lib/thumb/v7e-m+fp/hard\libc_nano.a
LOAD c:/st/stm32cubeide_1.11.2/stm32cubeide/plugins/com.st.stm32cube.ide.mcu.externaltools.gnu-tools-for-stm32.10.3-2021.10.win32_1.0.100.202210260954/tools/bin/../lib/gcc/arm-none-eabi/10.3.1/../../../../arm-none-eabi/lib/thumb/v7e-m+fp/hard\libm.a
END GROUP
START GROUP
LOAD c:/st/stm32cubeide_1.11.2/stm32cubeide/plugins/com.st.stm32cube.ide.mcu.externaltools.gnu-tools-for-stm32.10.3-2021.10.win32_1.0.100.202210260954/tools/bin/../lib/gcc/arm-none-eabi/10.3.1/thumb/v7e-m+fp/hard\libgcc.a
LOAD c:/st/stm32cubeide_1.11.2/stm32cubeide/plugins/com.st.stm32cube.ide.mcu.externaltools.gnu-tools-for-stm32.10.3-2021.10.win32_1.0.100.202210260954/tools/bin/../lib/gcc/arm-none-eabi/10.3.1/../../../../arm-none-eabi/lib/thumb/v7e-m+fp/hard\libc_nano.a
END GROUP
START GROUP
LOAD c:/st/stm32cubeide_1.11.2/stm32cubeide/plugins/com.st.stm32cube.ide.mcu.externaltools.gnu-tools-for-stm32.10.3-2021.10.win32_1.0.100.202210260954/tools/bin/../lib/gcc/arm-none-eabi/10.3.1/thumb/v7e-m+fp/hard\libgcc.a
LOAD c:/st/stm32cubeide_1.11.2/stm32cubeide/plugins/com.st.stm32cube.ide.mcu.externaltools.gnu-tools-for-stm32.10.3-2021.10.win32_1.0.100.202210260954/tools/bin/../lib/gcc/arm-none-eabi/10.3.1/../../../../arm-none-eabi/lib/thumb/v7e-m+fp/hard\libc_nano.a
LOAD c:/st/stm32cubeide_1.11.2/stm32cubeide/plugins/com.st.stm32cube.ide.mcu.externaltools.gnu-tools-for-stm32.10.3-2021.10.win32_1.0.100.202210260954/tools/bin/../lib/gcc/arm-none-eabi/10.3.1/../../../../arm-none-eabi/lib/thumb/v7e-m+fp/hard\libnosys.a
END GROUP
START GROUP
LOAD c:/st/stm32cubeide_1.11.2/stm32cubeide/plugins/com.st.stm32cube.ide.mcu.externaltools.gnu-tools-for-stm32.10.3-2021.10.win32_1.0.100.202210260954/tools/bin/../lib/gcc/arm-none-eabi/10.3.1/thumb/v7e-m+fp/hard\libgcc.a
LOAD c:/st/stm32cubeide_1.11.2/stm32cubeide/plugins/com.st.stm32cube.ide.mcu.externaltools.gnu-tools-for-stm32.10.3-2021.10.win32_1.0.100.202210260954/tools/bin/../lib/gcc/arm-none-eabi/10.3.1/../../../../arm-none-eabi/lib/thumb/v7e-m+fp/hard\libc_nano.a
LOAD c:/st/stm32cubeide_1.11.2/stm32cubeide/plugins/com.st.stm32cube.ide.mcu.externaltools.gnu-tools-for-stm32.10.3-2021.10.win32_1.0.100.202210260954/tools/bin/../lib/gcc/arm-none-eabi/10.3.1/../../../../arm-none-eabi/lib/thumb/v7e-m+fp/hard\libnosys.a
END GROUP
LOAD c:/st/stm32cubeide_1.11.2/stm32cubeide/plugins/com.st.stm32cube.ide.mcu.externaltools.gnu-tools-for-stm32.10.3-2021.10.win32_1.0.100.202210260954/tools/bin/../lib/gcc/arm-none-eabi/10.3.1/thumb/v7e-m+fp/hard/crtend.o
LOAD c:/st/stm32cubeide_1.11.2/stm32cubeide/plugins/com.st.stm32cube.ide.mcu.externaltools.gnu-tools-for-stm32.10.3-2021.10.win32_1.0.100.202210260954/tools/bin/../lib/gcc/arm-none-eabi/10.3.1/thumb/v7e-m+fp/hard/crtn.o
                0x0000000020010000                _estack = (ORIGIN (RAM) + LENGTH (RAM))
                0x0000000000000200                _Min_Heap_Size = 0x200
                0x0000000000000400                _Min_Stack_Size = 0x400

.isr_vector     0x0000000008000000      0x194
                0x0000000008000000                . = ALIGN (0x4)
 *(.isr_vector)
 .isr_vector    0x0000000008000000      0x194 ./Core/Startup/startup_stm32f401rbtx.o
                0x0000000008000000                g_pfnVectors
                0x0000000008000194                . = ALIGN (0x4)

.text           0x0000000008000198     0x449c
                0x0000000008000198                . = ALIGN (0x4)
 *(.text)
 .text          0x0000000008000198       0x40 c:/st/stm32cubeide_1.11.2/stm32cubeide/plugins/com.st.stm32cube.ide.mcu.externaltools.gnu-tools-for-stm32.10.3-2021.10.win32_1.0.100.202210260954/tools/bin/../lib/gcc/arm-none-eabi/10.3.1/thumb/v7e-m+fp/hard/crtbegin.o
 .text          0x00000000080001d8      0x378 c:/st/stm32cubeide_1.11.2/stm32cubeide/plugins/com.st.stm32cube.ide.mcu.externaltools.gnu-tools-for-stm32.10.3-2021.10.win32_1.0.100.202210260954/tools/bin/../lib/gcc/arm-none-eabi/10.3.1/thumb/v7e-m+fp/hard\libgcc.a(_arm_addsubdf3.o)
                0x00000000080001d8                __aeabi_drsub
                0x00000000080001e0                __aeabi_dsub
                0x00000000080001e0                __subdf3
                0x00000000080001e4                __aeabi_dadd
                0x00000000080001e4                __adddf3
                0x000000000800045c                __floatunsidf
                0x000000000800045c                __aeabi_ui2d
                0x000000000800047c                __floatsidf
                0x000000000800047c                __aeabi_i2d
                0x00000000080004a0                __aeabi_f2d
                0x00000000080004a0                __extendsfdf2
                0x00000000080004e4                __floatundidf
                0x00000000080004e4                __aeabi_ul2d
                0x00000000080004f4                __floatdidf
                0x00000000080004f4                __aeabi_l2d
 .text          0x0000000008000550      0x424 c:/st/stm32cubeide_1.11.2/stm32cubeide/plugins/com.st.stm32cube.ide.mcu.externaltools.gnu-tools-for-stm32.10.3-2021.10.win32_1.0.100.202210260954/tools/bin/../lib/gcc/arm-none-eabi/10.3.1/thumb/v7e-m+fp/hard\libgcc.a(_arm_muldivdf3.o)
                0x0000000008000550                __aeabi_dmul
                0x0000000008000550                __muldf3
                0x00000000080007a4                __divdf3
                0x00000000080007a4                __aeabi_ddiv
 .text          0x0000000008000974      0x110 c:/st/stm32cubeide_1.11.2/stm32cubeide/plugins/com.st.stm32cube.ide.mcu.externaltools.gnu-tools-for-stm32.10.3-2021.10.win32_1.0.100.202210260954/tools/bin/../lib/gcc/arm-none-eabi/10.3.1/thumb/v7e-m+fp/hard\libgcc.a(_arm_cmpdf2.o)
                0x0000000008000974                __gtdf2
                0x0000000008000974                __gedf2
                0x000000000800097c                __ltdf2
                0x000000000800097c                __ledf2
                0x0000000008000984                __nedf2
                0x0000000008000984                __eqdf2
                0x0000000008000984                __cmpdf2
                0x0000000008000a00                __aeabi_cdrcmple
                0x0000000008000a10                __aeabi_cdcmpeq
                0x0000000008000a10                __aeabi_cdcmple
                0x0000000008000a20                __aeabi_dcmpeq
                0x0000000008000a34                __aeabi_dcmplt
                0x0000000008000a48                __aeabi_dcmple
                0x0000000008000a5c                __aeabi_dcmpge
                0x0000000008000a70                __aeabi_dcmpgt
 .text          0x0000000008000a84       0xa0 c:/st/stm32cubeide_1.11.2/stm32cubeide/plugins/com.st.stm32cube.ide.mcu.externaltools.gnu-tools-for-stm32.10.3-2021.10.win32_1.0.100.202210260954/tools/bin/../lib/gcc/arm-none-eabi/10.3.1/thumb/v7e-m+fp/hard\libgcc.a(_arm_truncdfsf2.o)
                0x0000000008000a84                __truncdfsf2
                0x0000000008000a84                __aeabi_d2f
 .text          0x0000000008000b24       0x30 c:/st/stm32cubeide_1.11.2/stm32cubeide/plugins/com.st.stm32cube.ide.mcu.externaltools.gnu-tools-for-stm32.10.3-2021.10.win32_1.0.100.202210260954/tools/bin/../lib/gcc/arm-none-eabi/10.3.1/thumb/v7e-m+fp/hard\libgcc.a(_aeabi_uldivmod.o)
                0x0000000008000b24                __aeabi_uldivmod
 .text          0x0000000008000b54      0x2d0 c:/st/stm32cubeide_1.11.2/stm32cubeide/plugins/com.st.stm32cube.ide.mcu.externaltools.gnu-tools-for-stm32.10.3-2021.10.win32_1.0.100.202210260954/tools/bin/../lib/gcc/arm-none-eabi/10.3.1/thumb/v7e-m+fp/hard\libgcc.a(_udivmoddi4.o)
                0x0000000008000b54                __udivmoddi4
 .text          0x0000000008000e24        0x4 c:/st/stm32cubeide_1.11.2/stm32cubeide/plugins/com.st.stm32cube.ide.mcu.externaltools.gnu-tools-for-stm32.10.3-2021.10.win32_1.0.100.202210260954/tools/bin/../lib/gcc/arm-none-eabi/10.3.1/thumb/v7e-m+fp/hard\libgcc.a(_dvmd_tls.o)
                0x0000000008000e24                __aeabi_idiv0
                0x0000000008000e24                __aeabi_ldiv0
 *(.text*)
 .text.initEncoder
                0x0000000008000e28       0xe8 ./Core/Src/encoder.o
                0x0000000008000e28                initEncoder
 .text.getCounter
                0x0000000008000f10       0x1e ./Core/Src/encoder.o
                0x0000000008000f10                getCounter
 *fill*         0x0000000008000f2e        0x2 
 .text.Encoder_IT_Handler
                0x0000000008000f30      0x118 ./Core/Src/encoder.o
                0x0000000008000f30                Encoder_IT_Handler
 .text.main     0x0000000008001048      0x370 ./Core/Src/main.o
                0x0000000008001048                main
 .text.SystemClock_Config
                0x00000000080013b8       0xc0 ./Core/Src/main.o
                0x00000000080013b8                SystemClock_Config
 .text.MX_TIM1_Init
                0x0000000008001478       0xb0 ./Core/Src/main.o
 .text.MX_TIM2_Init
                0x0000000008001528       0xa8 ./Core/Src/main.o
 .text.MX_TIM3_Init
                0x00000000080015d0       0x98 ./Core/Src/main.o
 .text.MX_TIM4_Init
                0x0000000008001668       0x98 ./Core/Src/main.o
 .text.MX_TIM5_Init
                0x0000000008001700       0x9c ./Core/Src/main.o
 .text.MX_USART1_UART_Init
                0x000000000800179c       0x54 ./Core/Src/main.o
 .text.MX_GPIO_Init
                0x00000000080017f0      0x10c ./Core/Src/main.o
 .text.HAL_TIM_PeriodElapsedCallback
                0x00000000080018fc       0x60 ./Core/Src/main.o
                0x00000000080018fc                HAL_TIM_PeriodElapsedCallback
 .text.Error_Handler
                0x000000000800195c        0xa ./Core/Src/main.o
                0x000000000800195c                Error_Handler
 *fill*         0x0000000008001966        0x2 
 .text.MotorDriverInit
                0x0000000008001968      0x118 ./Core/Src/motorDriver.o
                0x0000000008001968                MotorDriverInit
 .text.initPIDController
                0x0000000008001a80       0x26 ./Core/Src/motorDriver.o
                0x0000000008001a80                initPIDController
 *fill*         0x0000000008001aa6        0x2 
 .text.fastStop
                0x0000000008001aa8       0x40 ./Core/Src/motorDriver.o
                0x0000000008001aa8                fastStop
 .text.goForward
                0x0000000008001ae8       0x40 ./Core/Src/motorDriver.o
                0x0000000008001ae8                goForward
 .text.setOverallSpeed
                0x0000000008001b28       0x60 ./Core/Src/motorDriver.o
                0x0000000008001b28                setOverallSpeed
 .text.PID_Init
                0x0000000008001b88       0x74 ./Core/Src/pid.o
                0x0000000008001b88                PID_Init
 *fill*         0x0000000008001bfc        0x4 
 .text.PID      0x0000000008001c00       0x98 ./Core/Src/pid.o
                0x0000000008001c00                PID
 .text.PID_SetMode
                0x0000000008001c98       0x3c ./Core/Src/pid.o
                0x0000000008001c98                PID_SetMode
 .text.PID_SetOutputLimits
                0x0000000008001cd4       0xdc ./Core/Src/pid.o
                0x0000000008001cd4                PID_SetOutputLimits
 .text.PID_SetTunings2
                0x0000000008001db0      0x150 ./Core/Src/pid.o
                0x0000000008001db0                PID_SetTunings2
 .text.PID_SetControllerDirection
                0x0000000008001f00       0x80 ./Core/Src/pid.o
                0x0000000008001f00                PID_SetControllerDirection
 .text.PID_SetSampleTime
                0x0000000008001f80       0x76 ./Core/Src/pid.o
                0x0000000008001f80                PID_SetSampleTime
 .text.RPIClientInit
                0x0000000008001ff6       0x2c ./Core/Src/serial.o
                0x0000000008001ff6                RPIClientInit
 *fill*         0x0000000008002022        0x2 
 .text.HAL_MspInit
                0x0000000008002024       0x50 ./Core/Src/stm32f4xx_hal_msp.o
                0x0000000008002024                HAL_MspInit
 .text.HAL_TIM_Encoder_MspInit
                0x0000000008002074      0x144 ./Core/Src/stm32f4xx_hal_msp.o
                0x0000000008002074                HAL_TIM_Encoder_MspInit
 .text.HAL_TIM_Base_MspInit
                0x00000000080021b8       0xc8 ./Core/Src/stm32f4xx_hal_msp.o
                0x00000000080021b8                HAL_TIM_Base_MspInit
 .text.HAL_UART_MspInit
                0x0000000008002280       0x90 ./Core/Src/stm32f4xx_hal_msp.o
                0x0000000008002280                HAL_UART_MspInit
 .text.NMI_Handler
                0x0000000008002310        0x6 ./Core/Src/stm32f4xx_it.o
                0x0000000008002310                NMI_Handler
 .text.HardFault_Handler
                0x0000000008002316        0x6 ./Core/Src/stm32f4xx_it.o
                0x0000000008002316                HardFault_Handler
 .text.MemManage_Handler
                0x000000000800231c        0x6 ./Core/Src/stm32f4xx_it.o
                0x000000000800231c                MemManage_Handler
 .text.BusFault_Handler
                0x0000000008002322        0x6 ./Core/Src/stm32f4xx_it.o
                0x0000000008002322                BusFault_Handler
 .text.UsageFault_Handler
                0x0000000008002328        0x6 ./Core/Src/stm32f4xx_it.o
                0x0000000008002328                UsageFault_Handler
 .text.SVC_Handler
                0x000000000800232e        0xe ./Core/Src/stm32f4xx_it.o
                0x000000000800232e                SVC_Handler
 .text.DebugMon_Handler
                0x000000000800233c        0xe ./Core/Src/stm32f4xx_it.o
                0x000000000800233c                DebugMon_Handler
 .text.PendSV_Handler
                0x000000000800234a        0xe ./Core/Src/stm32f4xx_it.o
                0x000000000800234a                PendSV_Handler
 .text.SysTick_Handler
                0x0000000008002358        0xc ./Core/Src/stm32f4xx_it.o
                0x0000000008002358                SysTick_Handler
 .text.TIM1_BRK_TIM9_IRQHandler
                0x0000000008002364       0x14 ./Core/Src/stm32f4xx_it.o
                0x0000000008002364                TIM1_BRK_TIM9_IRQHandler
 .text.TIM1_UP_TIM10_IRQHandler
                0x0000000008002378       0x14 ./Core/Src/stm32f4xx_it.o
                0x0000000008002378                TIM1_UP_TIM10_IRQHandler
 .text.TIM1_TRG_COM_TIM11_IRQHandler
                0x000000000800238c       0x14 ./Core/Src/stm32f4xx_it.o
                0x000000000800238c                TIM1_TRG_COM_TIM11_IRQHandler
 .text.TIM1_CC_IRQHandler
                0x00000000080023a0       0x14 ./Core/Src/stm32f4xx_it.o
                0x00000000080023a0                TIM1_CC_IRQHandler
 .text.TIM2_IRQHandler
                0x00000000080023b4       0x14 ./Core/Src/stm32f4xx_it.o
                0x00000000080023b4                TIM2_IRQHandler
 .text.TIM3_IRQHandler
                0x00000000080023c8       0x14 ./Core/Src/stm32f4xx_it.o
                0x00000000080023c8                TIM3_IRQHandler
 .text.TIM4_IRQHandler
                0x00000000080023dc       0x14 ./Core/Src/stm32f4xx_it.o
                0x00000000080023dc                TIM4_IRQHandler
 .text.TIM5_IRQHandler
                0x00000000080023f0       0x14 ./Core/Src/stm32f4xx_it.o
                0x00000000080023f0                TIM5_IRQHandler
 .text.SystemInit
                0x0000000008002404       0x24 ./Core/Src/system_stm32f4xx.o
                0x0000000008002404                SystemInit
 .text.initVirtualTimer
                0x0000000008002428       0x64 ./Core/Src/virtualTimer.o
                0x0000000008002428                initVirtualTimer
 .text.VirtualPWM_IT_Handler
                0x000000000800248c       0xa6 ./Core/Src/virtualTimer.o
                0x000000000800248c                VirtualPWM_IT_Handler
 .text.setDutyCycle
                0x0000000008002532       0x2c ./Core/Src/virtualTimer.o
                0x0000000008002532                setDutyCycle
 .text.start_IT
                0x000000000800255e       0x1a ./Core/Src/virtualTimer.o
                0x000000000800255e                start_IT
 .text.Reset_Handler
                0x0000000008002578       0x50 ./Core/Startup/startup_stm32f401rbtx.o
                0x0000000008002578                Reset_Handler
 .text.Default_Handler
                0x00000000080025c8        0x2 ./Core/Startup/startup_stm32f401rbtx.o
                0x00000000080025c8                RTC_Alarm_IRQHandler
                0x00000000080025c8                EXTI2_IRQHandler
                0x00000000080025c8                SPI4_IRQHandler
                0x00000000080025c8                DMA2_Stream5_IRQHandler
                0x00000000080025c8                DMA1_Stream5_IRQHandler
                0x00000000080025c8                PVD_IRQHandler
                0x00000000080025c8                SDIO_IRQHandler
                0x00000000080025c8                TAMP_STAMP_IRQHandler
                0x00000000080025c8                EXTI3_IRQHandler
                0x00000000080025c8                I2C3_ER_IRQHandler
                0x00000000080025c8                EXTI0_IRQHandler
                0x00000000080025c8                I2C2_EV_IRQHandler
                0x00000000080025c8                DMA1_Stream2_IRQHandler
                0x00000000080025c8                FPU_IRQHandler
                0x00000000080025c8                DMA2_Stream2_IRQHandler
                0x00000000080025c8                SPI1_IRQHandler
                0x00000000080025c8                DMA2_Stream3_IRQHandler
                0x00000000080025c8                USART6_IRQHandler
                0x00000000080025c8                DMA2_Stream0_IRQHandler
                0x00000000080025c8                I2C1_EV_IRQHandler
                0x00000000080025c8                DMA1_Stream6_IRQHandler
                0x00000000080025c8                DMA1_Stream1_IRQHandler
                0x00000000080025c8                RCC_IRQHandler
                0x00000000080025c8                Default_Handler
                0x00000000080025c8                EXTI15_10_IRQHandler
                0x00000000080025c8                ADC_IRQHandler
                0x00000000080025c8                DMA1_Stream7_IRQHandler
                0x00000000080025c8                DMA2_Stream7_IRQHandler
                0x00000000080025c8                I2C3_EV_IRQHandler
                0x00000000080025c8                EXTI9_5_IRQHandler
                0x00000000080025c8                RTC_WKUP_IRQHandler
                0x00000000080025c8                SPI2_IRQHandler
                0x00000000080025c8                DMA1_Stream0_IRQHandler
                0x00000000080025c8                EXTI4_IRQHandler
                0x00000000080025c8                WWDG_IRQHandler
                0x00000000080025c8                OTG_FS_WKUP_IRQHandler
                0x00000000080025c8                EXTI1_IRQHandler
                0x00000000080025c8                USART2_IRQHandler
                0x00000000080025c8                I2C2_ER_IRQHandler
                0x00000000080025c8                DMA2_Stream1_IRQHandler
                0x00000000080025c8                FLASH_IRQHandler
                0x00000000080025c8                DMA2_Stream4_IRQHandler
                0x00000000080025c8                USART1_IRQHandler
                0x00000000080025c8                OTG_FS_IRQHandler
                0x00000000080025c8                SPI3_IRQHandler
                0x00000000080025c8                DMA1_Stream4_IRQHandler
                0x00000000080025c8                I2C1_ER_IRQHandler
                0x00000000080025c8                DMA2_Stream6_IRQHandler
                0x00000000080025c8                DMA1_Stream3_IRQHandler
 *fill*         0x00000000080025ca        0x2 
 .text.HAL_Init
                0x00000000080025cc       0x44 ./Drivers/STM32F4xx_HAL_Driver/Src/stm32f4xx_hal.o
                0x00000000080025cc                HAL_Init
 .text.HAL_InitTick
                0x0000000008002610       0x60 ./Drivers/STM32F4xx_HAL_Driver/Src/stm32f4xx_hal.o
                0x0000000008002610                HAL_InitTick
 .text.HAL_IncTick
                0x0000000008002670       0x28 ./Drivers/STM32F4xx_HAL_Driver/Src/stm32f4xx_hal.o
                0x0000000008002670                HAL_IncTick
 .text.HAL_GetTick
                0x0000000008002698       0x18 ./Drivers/STM32F4xx_HAL_Driver/Src/stm32f4xx_hal.o
                0x0000000008002698                HAL_GetTick
 .text.__NVIC_SetPriorityGrouping
                0x00000000080026b0       0x48 ./Drivers/STM32F4xx_HAL_Driver/Src/stm32f4xx_hal_cortex.o
 .text.__NVIC_GetPriorityGrouping
                0x00000000080026f8       0x1c ./Drivers/STM32F4xx_HAL_Driver/Src/stm32f4xx_hal_cortex.o
 .text.__NVIC_EnableIRQ
                0x0000000008002714       0x3c ./Drivers/STM32F4xx_HAL_Driver/Src/stm32f4xx_hal_cortex.o
 .text.__NVIC_SetPriority
                0x0000000008002750       0x54 ./Drivers/STM32F4xx_HAL_Driver/Src/stm32f4xx_hal_cortex.o
 .text.NVIC_EncodePriority
                0x00000000080027a4       0x66 ./Drivers/STM32F4xx_HAL_Driver/Src/stm32f4xx_hal_cortex.o
 *fill*         0x000000000800280a        0x2 
 .text.SysTick_Config
                0x000000000800280c       0x44 ./Drivers/STM32F4xx_HAL_Driver/Src/stm32f4xx_hal_cortex.o
 .text.HAL_NVIC_SetPriorityGrouping
                0x0000000008002850       0x16 ./Drivers/STM32F4xx_HAL_Driver/Src/stm32f4xx_hal_cortex.o
                0x0000000008002850                HAL_NVIC_SetPriorityGrouping
 .text.HAL_NVIC_SetPriority
                0x0000000008002866       0x38 ./Drivers/STM32F4xx_HAL_Driver/Src/stm32f4xx_hal_cortex.o
                0x0000000008002866                HAL_NVIC_SetPriority
 .text.HAL_NVIC_EnableIRQ
                0x000000000800289e       0x1c ./Drivers/STM32F4xx_HAL_Driver/Src/stm32f4xx_hal_cortex.o
                0x000000000800289e                HAL_NVIC_EnableIRQ
 .text.HAL_SYSTICK_Config
                0x00000000080028ba       0x18 ./Drivers/STM32F4xx_HAL_Driver/Src/stm32f4xx_hal_cortex.o
                0x00000000080028ba                HAL_SYSTICK_Config
 *fill*         0x00000000080028d2        0x2 
 .text.HAL_GPIO_Init
                0x00000000080028d4      0x308 ./Drivers/STM32F4xx_HAL_Driver/Src/stm32f4xx_hal_gpio.o
                0x00000000080028d4                HAL_GPIO_Init
 .text.HAL_GPIO_WritePin
                0x0000000008002bdc       0x32 ./Drivers/STM32F4xx_HAL_Driver/Src/stm32f4xx_hal_gpio.o
                0x0000000008002bdc                HAL_GPIO_WritePin
 *fill*         0x0000000008002c0e        0x2 
 .text.HAL_RCC_OscConfig
                0x0000000008002c10      0x4f0 ./Drivers/STM32F4xx_HAL_Driver/Src/stm32f4xx_hal_rcc.o
                0x0000000008002c10                HAL_RCC_OscConfig
 .text.HAL_RCC_ClockConfig
                0x0000000008003100      0x1cc ./Drivers/STM32F4xx_HAL_Driver/Src/stm32f4xx_hal_rcc.o
                0x0000000008003100                HAL_RCC_ClockConfig
 .text.HAL_RCC_GetSysClockFreq
                0x00000000080032cc      0x18c ./Drivers/STM32F4xx_HAL_Driver/Src/stm32f4xx_hal_rcc.o
                0x00000000080032cc                HAL_RCC_GetSysClockFreq
 .text.HAL_RCC_GetHCLKFreq
                0x0000000008003458       0x18 ./Drivers/STM32F4xx_HAL_Driver/Src/stm32f4xx_hal_rcc.o
                0x0000000008003458                HAL_RCC_GetHCLKFreq
 .text.HAL_RCC_GetPCLK1Freq
                0x0000000008003470       0x28 ./Drivers/STM32F4xx_HAL_Driver/Src/stm32f4xx_hal_rcc.o
                0x0000000008003470                HAL_RCC_GetPCLK1Freq
 .text.HAL_RCC_GetPCLK2Freq
                0x0000000008003498       0x28 ./Drivers/STM32F4xx_HAL_Driver/Src/stm32f4xx_hal_rcc.o
                0x0000000008003498                HAL_RCC_GetPCLK2Freq
 .text.HAL_TIM_Base_Init
                0x00000000080034c0       0x9e ./Drivers/STM32F4xx_HAL_Driver/Src/stm32f4xx_hal_tim.o
                0x00000000080034c0                HAL_TIM_Base_Init
 *fill*         0x000000000800355e        0x2 
 .text.HAL_TIM_Base_Start_IT
                0x0000000008003560       0xc4 ./Drivers/STM32F4xx_HAL_Driver/Src/stm32f4xx_hal_tim.o
                0x0000000008003560                HAL_TIM_Base_Start_IT
 .text.HAL_TIM_Encoder_Init
                0x0000000008003624      0x14c ./Drivers/STM32F4xx_HAL_Driver/Src/stm32f4xx_hal_tim.o
                0x0000000008003624                HAL_TIM_Encoder_Init
 .text.HAL_TIM_Encoder_Start_IT
                0x0000000008003770      0x15c ./Drivers/STM32F4xx_HAL_Driver/Src/stm32f4xx_hal_tim.o
                0x0000000008003770                HAL_TIM_Encoder_Start_IT
 .text.HAL_TIM_IRQHandler
                0x00000000080038cc      0x210 ./Drivers/STM32F4xx_HAL_Driver/Src/stm32f4xx_hal_tim.o
                0x00000000080038cc                HAL_TIM_IRQHandler
 .text.HAL_TIM_ConfigClockSource
                0x0000000008003adc      0x18e ./Drivers/STM32F4xx_HAL_Driver/Src/stm32f4xx_hal_tim.o
                0x0000000008003adc                HAL_TIM_ConfigClockSource
 .text.HAL_TIM_OC_DelayElapsedCallback
                0x0000000008003c6a       0x14 ./Drivers/STM32F4xx_HAL_Driver/Src/stm32f4xx_hal_tim.o
                0x0000000008003c6a                HAL_TIM_OC_DelayElapsedCallback
 .text.HAL_TIM_IC_CaptureCallback
                0x0000000008003c7e       0x14 ./Drivers/STM32F4xx_HAL_Driver/Src/stm32f4xx_hal_tim.o
                0x0000000008003c7e                HAL_TIM_IC_CaptureCallback
 .text.HAL_TIM_PWM_PulseFinishedCallback
                0x0000000008003c92       0x14 ./Drivers/STM32F4xx_HAL_Driver/Src/stm32f4xx_hal_tim.o
                0x0000000008003c92                HAL_TIM_PWM_PulseFinishedCallback
 .text.HAL_TIM_TriggerCallback
                0x0000000008003ca6       0x14 ./Drivers/STM32F4xx_HAL_Driver/Src/stm32f4xx_hal_tim.o
                0x0000000008003ca6                HAL_TIM_TriggerCallback
 *fill*         0x0000000008003cba        0x2 
 .text.TIM_Base_SetConfig
                0x0000000008003cbc      0x100 ./Drivers/STM32F4xx_HAL_Driver/Src/stm32f4xx_hal_tim.o
                0x0000000008003cbc                TIM_Base_SetConfig
 .text.TIM_TI1_ConfigInputStage
                0x0000000008003dbc       0x5e ./Drivers/STM32F4xx_HAL_Driver/Src/stm32f4xx_hal_tim.o
 .text.TIM_TI2_ConfigInputStage
                0x0000000008003e1a       0x60 ./Drivers/STM32F4xx_HAL_Driver/Src/stm32f4xx_hal_tim.o
 .text.TIM_ITRx_SetConfig
                0x0000000008003e7a       0x36 ./Drivers/STM32F4xx_HAL_Driver/Src/stm32f4xx_hal_tim.o
 .text.TIM_ETR_SetConfig
                0x0000000008003eb0       0x40 ./Drivers/STM32F4xx_HAL_Driver/Src/stm32f4xx_hal_tim.o
                0x0000000008003eb0                TIM_ETR_SetConfig
 .text.TIM_CCxChannelCmd
                0x0000000008003ef0       0x4a ./Drivers/STM32F4xx_HAL_Driver/Src/stm32f4xx_hal_tim.o
                0x0000000008003ef0                TIM_CCxChannelCmd
 *fill*         0x0000000008003f3a        0x2 
 .text.HAL_TIMEx_MasterConfigSynchronization
                0x0000000008003f3c       0xdc ./Drivers/STM32F4xx_HAL_Driver/Src/stm32f4xx_hal_tim_ex.o
                0x0000000008003f3c                HAL_TIMEx_MasterConfigSynchronization
 .text.HAL_TIMEx_CommutCallback
                0x0000000008004018       0x14 ./Drivers/STM32F4xx_HAL_Driver/Src/stm32f4xx_hal_tim_ex.o
                0x0000000008004018                HAL_TIMEx_CommutCallback
 .text.HAL_TIMEx_BreakCallback
                0x000000000800402c       0x14 ./Drivers/STM32F4xx_HAL_Driver/Src/stm32f4xx_hal_tim_ex.o
                0x000000000800402c                HAL_TIMEx_BreakCallback
 .text.HAL_UART_Init
                0x0000000008004040       0x9a ./Drivers/STM32F4xx_HAL_Driver/Src/stm32f4xx_hal_uart.o
                0x0000000008004040                HAL_UART_Init
 *fill*         0x00000000080040da        0x2 
 .text.UART_SetConfig
                0x00000000080040dc      0x4e8 ./Drivers/STM32F4xx_HAL_Driver/Src/stm32f4xx_hal_uart.o
 .text.__libc_init_array
                0x00000000080045c4       0x48 c:/st/stm32cubeide_1.11.2/stm32cubeide/plugins/com.st.stm32cube.ide.mcu.externaltools.gnu-tools-for-stm32.10.3-2021.10.win32_1.0.100.202210260954/tools/bin/../lib/gcc/arm-none-eabi/10.3.1/../../../../arm-none-eabi/lib/thumb/v7e-m+fp/hard\libc_nano.a(lib_a-init.o)
                0x00000000080045c4                __libc_init_array
 .text.memset   0x000000000800460c       0x10 c:/st/stm32cubeide_1.11.2/stm32cubeide/plugins/com.st.stm32cube.ide.mcu.externaltools.gnu-tools-for-stm32.10.3-2021.10.win32_1.0.100.202210260954/tools/bin/../lib/gcc/arm-none-eabi/10.3.1/../../../../arm-none-eabi/lib/thumb/v7e-m+fp/hard\libc_nano.a(lib_a-memset.o)
                0x000000000800460c                memset
 *(.glue_7)
 .glue_7        0x000000000800461c        0x0 linker stubs
 *(.glue_7t)
 .glue_7t       0x000000000800461c        0x0 linker stubs
 *(.eh_frame)
 .eh_frame      0x000000000800461c        0x0 c:/st/stm32cubeide_1.11.2/stm32cubeide/plugins/com.st.stm32cube.ide.mcu.externaltools.gnu-tools-for-stm32.10.3-2021.10.win32_1.0.100.202210260954/tools/bin/../lib/gcc/arm-none-eabi/10.3.1/thumb/v7e-m+fp/hard/crtbegin.o
 *(.init)
 .init          0x000000000800461c        0x4 c:/st/stm32cubeide_1.11.2/stm32cubeide/plugins/com.st.stm32cube.ide.mcu.externaltools.gnu-tools-for-stm32.10.3-2021.10.win32_1.0.100.202210260954/tools/bin/../lib/gcc/arm-none-eabi/10.3.1/thumb/v7e-m+fp/hard/crti.o
                0x000000000800461c                _init
 .init          0x0000000008004620        0x8 c:/st/stm32cubeide_1.11.2/stm32cubeide/plugins/com.st.stm32cube.ide.mcu.externaltools.gnu-tools-for-stm32.10.3-2021.10.win32_1.0.100.202210260954/tools/bin/../lib/gcc/arm-none-eabi/10.3.1/thumb/v7e-m+fp/hard/crtn.o
 *(.fini)
 .fini          0x0000000008004628        0x4 c:/st/stm32cubeide_1.11.2/stm32cubeide/plugins/com.st.stm32cube.ide.mcu.externaltools.gnu-tools-for-stm32.10.3-2021.10.win32_1.0.100.202210260954/tools/bin/../lib/gcc/arm-none-eabi/10.3.1/thumb/v7e-m+fp/hard/crti.o
                0x0000000008004628                _fini
 .fini          0x000000000800462c        0x8 c:/st/stm32cubeide_1.11.2/stm32cubeide/plugins/com.st.stm32cube.ide.mcu.externaltools.gnu-tools-for-stm32.10.3-2021.10.win32_1.0.100.202210260954/tools/bin/../lib/gcc/arm-none-eabi/10.3.1/thumb/v7e-m+fp/hard/crtn.o
                0x0000000008004634                . = ALIGN (0x4)
                0x0000000008004634                _etext = .

.vfp11_veneer   0x0000000008004634        0x0
 .vfp11_veneer  0x0000000008004634        0x0 linker stubs

.v4_bx          0x0000000008004634        0x0
 .v4_bx         0x0000000008004634        0x0 linker stubs

.iplt           0x0000000008004634        0x0
 .iplt          0x0000000008004634        0x0 c:/st/stm32cubeide_1.11.2/stm32cubeide/plugins/com.st.stm32cube.ide.mcu.externaltools.gnu-tools-for-stm32.10.3-2021.10.win32_1.0.100.202210260954/tools/bin/../lib/gcc/arm-none-eabi/10.3.1/thumb/v7e-m+fp/hard/crtbegin.o

.rodata         0x0000000008004634       0x18
                0x0000000008004634                . = ALIGN (0x4)
 *(.rodata)
 *(.rodata*)
 .rodata.AHBPrescTable
                0x0000000008004634       0x10 ./Core/Src/system_stm32f4xx.o
                0x0000000008004634                AHBPrescTable
 .rodata.APBPrescTable
                0x0000000008004644        0x8 ./Core/Src/system_stm32f4xx.o
                0x0000000008004644                APBPrescTable
                0x000000000800464c                . = ALIGN (0x4)

.ARM.extab      0x000000000800464c        0x0
                0x000000000800464c                . = ALIGN (0x4)
 *(.ARM.extab* .gnu.linkonce.armextab.*)
                0x000000000800464c                . = ALIGN (0x4)

.ARM            0x000000000800464c        0x8
                0x000000000800464c                . = ALIGN (0x4)
                0x000000000800464c                __exidx_start = .
 *(.ARM.exidx*)
 .ARM.exidx     0x000000000800464c        0x8 c:/st/stm32cubeide_1.11.2/stm32cubeide/plugins/com.st.stm32cube.ide.mcu.externaltools.gnu-tools-for-stm32.10.3-2021.10.win32_1.0.100.202210260954/tools/bin/../lib/gcc/arm-none-eabi/10.3.1/thumb/v7e-m+fp/hard\libgcc.a(_udivmoddi4.o)
                0x0000000008004654                __exidx_end = .
                0x0000000008004654                . = ALIGN (0x4)

.rel.dyn        0x0000000008004654        0x0
 .rel.iplt      0x0000000008004654        0x0 c:/st/stm32cubeide_1.11.2/stm32cubeide/plugins/com.st.stm32cube.ide.mcu.externaltools.gnu-tools-for-stm32.10.3-2021.10.win32_1.0.100.202210260954/tools/bin/../lib/gcc/arm-none-eabi/10.3.1/thumb/v7e-m+fp/hard/crtbegin.o

.preinit_array  0x0000000008004654        0x0
                0x0000000008004654                . = ALIGN (0x4)
                0x0000000008004654                PROVIDE (__preinit_array_start = .)
 *(.preinit_array*)
                0x0000000008004654                PROVIDE (__preinit_array_end = .)
                0x0000000008004654                . = ALIGN (0x4)

.init_array     0x0000000008004654        0x4
                0x0000000008004654                . = ALIGN (0x4)
                0x0000000008004654                PROVIDE (__init_array_start = .)
 *(SORT_BY_NAME(.init_array.*))
 *(.init_array*)
 .init_array    0x0000000008004654        0x4 c:/st/stm32cubeide_1.11.2/stm32cubeide/plugins/com.st.stm32cube.ide.mcu.externaltools.gnu-tools-for-stm32.10.3-2021.10.win32_1.0.100.202210260954/tools/bin/../lib/gcc/arm-none-eabi/10.3.1/thumb/v7e-m+fp/hard/crtbegin.o
                0x0000000008004658                PROVIDE (__init_array_end = .)
                0x0000000008004658                . = ALIGN (0x4)

.fini_array     0x0000000008004658        0x4
                0x0000000008004658                . = ALIGN (0x4)
                [!provide]                        PROVIDE (__fini_array_start = .)
 *(SORT_BY_NAME(.fini_array.*))
 *(.fini_array*)
 .fini_array    0x0000000008004658        0x4 c:/st/stm32cubeide_1.11.2/stm32cubeide/plugins/com.st.stm32cube.ide.mcu.externaltools.gnu-tools-for-stm32.10.3-2021.10.win32_1.0.100.202210260954/tools/bin/../lib/gcc/arm-none-eabi/10.3.1/thumb/v7e-m+fp/hard/crtbegin.o
                [!provide]                        PROVIDE (__fini_array_end = .)
                0x000000000800465c                . = ALIGN (0x4)
                0x000000000800465c                _sidata = LOADADDR (.data)

.data           0x0000000020000000       0x24 load address 0x000000000800465c
                0x0000000020000000                . = ALIGN (0x4)
                0x0000000020000000                _sdata = .
 *(.data)
 *(.data*)
 .data.EncoderA_Kp
                0x0000000020000000        0x8 ./Core/Src/main.o
                0x0000000020000000                EncoderA_Kp
 .data.EncoderA_Ki
                0x0000000020000008        0x8 ./Core/Src/main.o
                0x0000000020000008                EncoderA_Ki
 .data.EncoderA_Kd
                0x0000000020000010        0x8 ./Core/Src/main.o
                0x0000000020000010                EncoderA_Kd
 .data.SystemCoreClock
                0x0000000020000018        0x4 ./Core/Src/system_stm32f4xx.o
                0x0000000020000018                SystemCoreClock
 .data.uwTickPrio
                0x000000002000001c        0x4 ./Drivers/STM32F4xx_HAL_Driver/Src/stm32f4xx_hal.o
                0x000000002000001c                uwTickPrio
 .data.uwTickFreq
                0x0000000020000020        0x1 ./Drivers/STM32F4xx_HAL_Driver/Src/stm32f4xx_hal.o
                0x0000000020000020                uwTickFreq
 *(.RamFunc)
 *(.RamFunc*)
                0x0000000020000024                . = ALIGN (0x4)
 *fill*         0x0000000020000021        0x3 
                0x0000000020000024                _edata = .

.igot.plt       0x0000000020000024        0x0 load address 0x0000000008004680
 .igot.plt      0x0000000020000024        0x0 c:/st/stm32cubeide_1.11.2/stm32cubeide/plugins/com.st.stm32cube.ide.mcu.externaltools.gnu-tools-for-stm32.10.3-2021.10.win32_1.0.100.202210260954/tools/bin/../lib/gcc/arm-none-eabi/10.3.1/thumb/v7e-m+fp/hard/crtbegin.o
                0x0000000020000024                . = ALIGN (0x4)

.bss            0x0000000020000024      0x2ac load address 0x0000000008004680
                0x0000000020000024                _sbss = .
                0x0000000020000024                __bss_start__ = _sbss
 *(.bss)
 .bss           0x0000000020000024       0x1c c:/st/stm32cubeide_1.11.2/stm32cubeide/plugins/com.st.stm32cube.ide.mcu.externaltools.gnu-tools-for-stm32.10.3-2021.10.win32_1.0.100.202210260954/tools/bin/../lib/gcc/arm-none-eabi/10.3.1/thumb/v7e-m+fp/hard/crtbegin.o
 *(.bss*)
 .bss.htim1     0x0000000020000040       0x48 ./Core/Src/main.o
                0x0000000020000040                htim1
 .bss.htim2     0x0000000020000088       0x48 ./Core/Src/main.o
                0x0000000020000088                htim2
 .bss.htim3     0x00000000200000d0       0x48 ./Core/Src/main.o
                0x00000000200000d0                htim3
 .bss.htim4     0x0000000020000118       0x48 ./Core/Src/main.o
                0x0000000020000118                htim4
 .bss.htim5     0x0000000020000160       0x48 ./Core/Src/main.o
                0x0000000020000160                htim5
 .bss.huart1    0x00000000200001a8       0x44 ./Core/Src/main.o
                0x00000000200001a8                huart1
 .bss.MotorATimer
                0x00000000200001ec       0x20 ./Core/Src/main.o
                0x00000000200001ec                MotorATimer
 .bss.MotorBTimer
                0x000000002000020c       0x20 ./Core/Src/main.o
                0x000000002000020c                MotorBTimer
 .bss.EncoderA  0x000000002000022c       0x34 ./Core/Src/main.o
                0x000000002000022c                EncoderA
 .bss.EncoderB  0x0000000020000260       0x34 ./Core/Src/main.o
                0x0000000020000260                EncoderB
 .bss.MD        0x0000000020000294       0x2c ./Core/Src/main.o
                0x0000000020000294                MD
 .bss.pi        0x00000000200002c0        0xc ./Core/Src/main.o
                0x00000000200002c0                pi
 .bss.uwTick    0x00000000200002cc        0x4 ./Drivers/STM32F4xx_HAL_Driver/Src/stm32f4xx_hal.o
                0x00000000200002cc                uwTick
 *(COMMON)
                0x00000000200002d0                . = ALIGN (0x4)
                0x00000000200002d0                _ebss = .
                0x00000000200002d0                __bss_end__ = _ebss

._user_heap_stack
                0x00000000200002d0      0x600 load address 0x0000000008004680
                0x00000000200002d0                . = ALIGN (0x8)
                [!provide]                        PROVIDE (end = .)
                0x00000000200002d0                PROVIDE (_end = .)
                0x00000000200004d0                . = (. + _Min_Heap_Size)
 *fill*         0x00000000200002d0      0x200 
                0x00000000200008d0                . = (. + _Min_Stack_Size)
 *fill*         0x00000000200004d0      0x400 
                0x00000000200008d0                . = ALIGN (0x8)

/DISCARD/
 libc.a(*)
 libm.a(*)
 libgcc.a(*)

.ARM.attributes
                0x0000000000000000       0x30
 *(.ARM.attributes)
 .ARM.attributes
                0x0000000000000000       0x1e c:/st/stm32cubeide_1.11.2/stm32cubeide/plugins/com.st.stm32cube.ide.mcu.externaltools.gnu-tools-for-stm32.10.3-2021.10.win32_1.0.100.202210260954/tools/bin/../lib/gcc/arm-none-eabi/10.3.1/thumb/v7e-m+fp/hard/crti.o
 .ARM.attributes
                0x000000000000001e       0x34 c:/st/stm32cubeide_1.11.2/stm32cubeide/plugins/com.st.stm32cube.ide.mcu.externaltools.gnu-tools-for-stm32.10.3-2021.10.win32_1.0.100.202210260954/tools/bin/../lib/gcc/arm-none-eabi/10.3.1/thumb/v7e-m+fp/hard/crtbegin.o
 .ARM.attributes
                0x0000000000000052       0x34 ./Core/Src/encoder.o
 .ARM.attributes
                0x0000000000000086       0x34 ./Core/Src/main.o
 .ARM.attributes
                0x00000000000000ba       0x34 ./Core/Src/motorDriver.o
 .ARM.attributes
                0x00000000000000ee       0x34 ./Core/Src/pid.o
 .ARM.attributes
                0x0000000000000122       0x34 ./Core/Src/serial.o
 .ARM.attributes
                0x0000000000000156       0x34 ./Core/Src/stm32f4xx_hal_msp.o
 .ARM.attributes
                0x000000000000018a       0x34 ./Core/Src/stm32f4xx_it.o
 .ARM.attributes
                0x00000000000001be       0x34 ./Core/Src/system_stm32f4xx.o
 .ARM.attributes
                0x00000000000001f2       0x34 ./Core/Src/virtualTimer.o
 .ARM.attributes
                0x0000000000000226       0x21 ./Core/Startup/startup_stm32f401rbtx.o
 .ARM.attributes
                0x0000000000000247       0x34 ./Drivers/STM32F4xx_HAL_Driver/Src/stm32f4xx_hal.o
 .ARM.attributes
                0x000000000000027b       0x34 ./Drivers/STM32F4xx_HAL_Driver/Src/stm32f4xx_hal_cortex.o
 .ARM.attributes
                0x00000000000002af       0x34 ./Drivers/STM32F4xx_HAL_Driver/Src/stm32f4xx_hal_gpio.o
 .ARM.attributes
                0x00000000000002e3       0x34 ./Drivers/STM32F4xx_HAL_Driver/Src/stm32f4xx_hal_rcc.o
 .ARM.attributes
                0x0000000000000317       0x34 ./Drivers/STM32F4xx_HAL_Driver/Src/stm32f4xx_hal_tim.o
 .ARM.attributes
                0x000000000000034b       0x34 ./Drivers/STM32F4xx_HAL_Driver/Src/stm32f4xx_hal_tim_ex.o
 .ARM.attributes
                0x000000000000037f       0x34 ./Drivers/STM32F4xx_HAL_Driver/Src/stm32f4xx_hal_uart.o
 .ARM.attributes
                0x00000000000003b3       0x34 c:/st/stm32cubeide_1.11.2/stm32cubeide/plugins/com.st.stm32cube.ide.mcu.externaltools.gnu-tools-for-stm32.10.3-2021.10.win32_1.0.100.202210260954/tools/bin/../lib/gcc/arm-none-eabi/10.3.1/../../../../arm-none-eabi/lib/thumb/v7e-m+fp/hard\libc_nano.a(lib_a-init.o)
 .ARM.attributes
                0x00000000000003e7       0x34 c:/st/stm32cubeide_1.11.2/stm32cubeide/plugins/com.st.stm32cube.ide.mcu.externaltools.gnu-tools-for-stm32.10.3-2021.10.win32_1.0.100.202210260954/tools/bin/../lib/gcc/arm-none-eabi/10.3.1/../../../../arm-none-eabi/lib/thumb/v7e-m+fp/hard\libc_nano.a(lib_a-memset.o)
 .ARM.attributes
                0x000000000000041b       0x1e c:/st/stm32cubeide_1.11.2/stm32cubeide/plugins/com.st.stm32cube.ide.mcu.externaltools.gnu-tools-for-stm32.10.3-2021.10.win32_1.0.100.202210260954/tools/bin/../lib/gcc/arm-none-eabi/10.3.1/thumb/v7e-m+fp/hard\libgcc.a(_arm_addsubdf3.o)
 .ARM.attributes
                0x0000000000000439       0x1e c:/st/stm32cubeide_1.11.2/stm32cubeide/plugins/com.st.stm32cube.ide.mcu.externaltools.gnu-tools-for-stm32.10.3-2021.10.win32_1.0.100.202210260954/tools/bin/../lib/gcc/arm-none-eabi/10.3.1/thumb/v7e-m+fp/hard\libgcc.a(_arm_muldivdf3.o)
 .ARM.attributes
                0x0000000000000457       0x1e c:/st/stm32cubeide_1.11.2/stm32cubeide/plugins/com.st.stm32cube.ide.mcu.externaltools.gnu-tools-for-stm32.10.3-2021.10.win32_1.0.100.202210260954/tools/bin/../lib/gcc/arm-none-eabi/10.3.1/thumb/v7e-m+fp/hard\libgcc.a(_arm_cmpdf2.o)
 .ARM.attributes
                0x0000000000000475       0x1e c:/st/stm32cubeide_1.11.2/stm32cubeide/plugins/com.st.stm32cube.ide.mcu.externaltools.gnu-tools-for-stm32.10.3-2021.10.win32_1.0.100.202210260954/tools/bin/../lib/gcc/arm-none-eabi/10.3.1/thumb/v7e-m+fp/hard\libgcc.a(_arm_truncdfsf2.o)
 .ARM.attributes
                0x0000000000000493       0x1e c:/st/stm32cubeide_1.11.2/stm32cubeide/plugins/com.st.stm32cube.ide.mcu.externaltools.gnu-tools-for-stm32.10.3-2021.10.win32_1.0.100.202210260954/tools/bin/../lib/gcc/arm-none-eabi/10.3.1/thumb/v7e-m+fp/hard\libgcc.a(_aeabi_uldivmod.o)
 .ARM.attributes
                0x00000000000004b1       0x34 c:/st/stm32cubeide_1.11.2/stm32cubeide/plugins/com.st.stm32cube.ide.mcu.externaltools.gnu-tools-for-stm32.10.3-2021.10.win32_1.0.100.202210260954/tools/bin/../lib/gcc/arm-none-eabi/10.3.1/thumb/v7e-m+fp/hard\libgcc.a(_udivmoddi4.o)
 .ARM.attributes
                0x00000000000004e5       0x1e c:/st/stm32cubeide_1.11.2/stm32cubeide/plugins/com.st.stm32cube.ide.mcu.externaltools.gnu-tools-for-stm32.10.3-2021.10.win32_1.0.100.202210260954/tools/bin/../lib/gcc/arm-none-eabi/10.3.1/thumb/v7e-m+fp/hard\libgcc.a(_dvmd_tls.o)
 .ARM.attributes
                0x0000000000000503       0x1e c:/st/stm32cubeide_1.11.2/stm32cubeide/plugins/com.st.stm32cube.ide.mcu.externaltools.gnu-tools-for-stm32.10.3-2021.10.win32_1.0.100.202210260954/tools/bin/../lib/gcc/arm-none-eabi/10.3.1/thumb/v7e-m+fp/hard/crtn.o
OUTPUT(f3tests.elf elf32-littlearm)
LOAD linker stubs
LOAD c:/st/stm32cubeide_1.11.2/stm32cubeide/plugins/com.st.stm32cube.ide.mcu.externaltools.gnu-tools-for-stm32.10.3-2021.10.win32_1.0.100.202210260954/tools/bin/../lib/gcc/arm-none-eabi/10.3.1/../../../../arm-none-eabi/lib/thumb/v7e-m+fp/hard\libc.a
LOAD c:/st/stm32cubeide_1.11.2/stm32cubeide/plugins/com.st.stm32cube.ide.mcu.externaltools.gnu-tools-for-stm32.10.3-2021.10.win32_1.0.100.202210260954/tools/bin/../lib/gcc/arm-none-eabi/10.3.1/../../../../arm-none-eabi/lib/thumb/v7e-m+fp/hard\libm.a
LOAD c:/st/stm32cubeide_1.11.2/stm32cubeide/plugins/com.st.stm32cube.ide.mcu.externaltools.gnu-tools-for-stm32.10.3-2021.10.win32_1.0.100.202210260954/tools/bin/../lib/gcc/arm-none-eabi/10.3.1/thumb/v7e-m+fp/hard\libgcc.a

.debug_info     0x0000000000000000    0x10b0b
 .debug_info    0x0000000000000000      0xbab ./Core/Src/encoder.o
 .debug_info    0x0000000000000bab     0x1c0d ./Core/Src/main.o
 .debug_info    0x00000000000027b8      0xfb9 ./Core/Src/motorDriver.o
 .debug_info    0x0000000000003771      0x6d1 ./Core/Src/pid.o
 .debug_info    0x0000000000003e42      0xa10 ./Core/Src/serial.o
 .debug_info    0x0000000000004852     0x1078 ./Core/Src/stm32f4xx_hal_msp.o
 .debug_info    0x00000000000058ca      0x7e0 ./Core/Src/stm32f4xx_it.o
 .debug_info    0x00000000000060aa      0x54f ./Core/Src/system_stm32f4xx.o
 .debug_info    0x00000000000065f9      0xa09 ./Core/Src/virtualTimer.o
 .debug_info    0x0000000000007002       0x22 ./Core/Startup/startup_stm32f401rbtx.o
 .debug_info    0x0000000000007024      0x906 ./Drivers/STM32F4xx_HAL_Driver/Src/stm32f4xx_hal.o
 .debug_info    0x000000000000792a      0xd85 ./Drivers/STM32F4xx_HAL_Driver/Src/stm32f4xx_hal_cortex.o
 .debug_info    0x00000000000086af      0x78e ./Drivers/STM32F4xx_HAL_Driver/Src/stm32f4xx_hal_gpio.o
 .debug_info    0x0000000000008e3d      0x98c ./Drivers/STM32F4xx_HAL_Driver/Src/stm32f4xx_hal_rcc.o
 .debug_info    0x00000000000097c9     0x2bb6 ./Drivers/STM32F4xx_HAL_Driver/Src/stm32f4xx_hal_tim.o
 .debug_info    0x000000000000c37f     0x15d8 ./Drivers/STM32F4xx_HAL_Driver/Src/stm32f4xx_hal_tim_ex.o
 .debug_info    0x000000000000d957     0x31b4 ./Drivers/STM32F4xx_HAL_Driver/Src/stm32f4xx_hal_uart.o

.debug_abbrev   0x0000000000000000     0x23b3
 .debug_abbrev  0x0000000000000000      0x212 ./Core/Src/encoder.o
 .debug_abbrev  0x0000000000000212      0x2df ./Core/Src/main.o
 .debug_abbrev  0x00000000000004f1      0x214 ./Core/Src/motorDriver.o
 .debug_abbrev  0x0000000000000705      0x1d5 ./Core/Src/pid.o
 .debug_abbrev  0x00000000000008da      0x26e ./Core/Src/serial.o
 .debug_abbrev  0x0000000000000b48      0x20a ./Core/Src/stm32f4xx_hal_msp.o
 .debug_abbrev  0x0000000000000d52      0x1af ./Core/Src/stm32f4xx_it.o
 .debug_abbrev  0x0000000000000f01      0x116 ./Core/Src/system_stm32f4xx.o
 .debug_abbrev  0x0000000000001017      0x1df ./Core/Src/virtualTimer.o
 .debug_abbrev  0x00000000000011f6       0x12 ./Core/Startup/startup_stm32f401rbtx.o
 .debug_abbrev  0x0000000000001208      0x23e ./Drivers/STM32F4xx_HAL_Driver/Src/stm32f4xx_hal.o
 .debug_abbrev  0x0000000000001446      0x316 ./Drivers/STM32F4xx_HAL_Driver/Src/stm32f4xx_hal_cortex.o
 .debug_abbrev  0x000000000000175c      0x1c4 ./Drivers/STM32F4xx_HAL_Driver/Src/stm32f4xx_hal_gpio.o
 .debug_abbrev  0x0000000000001920      0x2aa ./Drivers/STM32F4xx_HAL_Driver/Src/stm32f4xx_hal_rcc.o
 .debug_abbrev  0x0000000000001bca      0x26e ./Drivers/STM32F4xx_HAL_Driver/Src/stm32f4xx_hal_tim.o
 .debug_abbrev  0x0000000000001e38      0x276 ./Drivers/STM32F4xx_HAL_Driver/Src/stm32f4xx_hal_tim_ex.o
 .debug_abbrev  0x00000000000020ae      0x305 ./Drivers/STM32F4xx_HAL_Driver/Src/stm32f4xx_hal_uart.o

.debug_aranges  0x0000000000000000      0xda8
 .debug_aranges
                0x0000000000000000       0x40 ./Core/Src/encoder.o
 .debug_aranges
                0x0000000000000040       0x70 ./Core/Src/main.o
 .debug_aranges
                0x00000000000000b0       0x78 ./Core/Src/motorDriver.o
 .debug_aranges
                0x0000000000000128       0x90 ./Core/Src/pid.o
 .debug_aranges
                0x00000000000001b8       0x48 ./Core/Src/serial.o
 .debug_aranges
                0x0000000000000200       0x58 ./Core/Src/stm32f4xx_hal_msp.o
 .debug_aranges
                0x0000000000000258       0xa0 ./Core/Src/stm32f4xx_it.o
 .debug_aranges
                0x00000000000002f8       0x28 ./Core/Src/system_stm32f4xx.o
 .debug_aranges
                0x0000000000000320       0x40 ./Core/Src/virtualTimer.o
 .debug_aranges
                0x0000000000000360       0x28 ./Core/Startup/startup_stm32f401rbtx.o
 .debug_aranges
                0x0000000000000388       0xf0 ./Drivers/STM32F4xx_HAL_Driver/Src/stm32f4xx_hal.o
 .debug_aranges
                0x0000000000000478      0x118 ./Drivers/STM32F4xx_HAL_Driver/Src/stm32f4xx_hal_cortex.o
 .debug_aranges
                0x0000000000000590       0x58 ./Drivers/STM32F4xx_HAL_Driver/Src/stm32f4xx_hal_gpio.o
 .debug_aranges
                0x00000000000005e8       0x88 ./Drivers/STM32F4xx_HAL_Driver/Src/stm32f4xx_hal_rcc.o
 .debug_aranges
                0x0000000000000670      0x3d0 ./Drivers/STM32F4xx_HAL_Driver/Src/stm32f4xx_hal_tim.o
 .debug_aranges
                0x0000000000000a40      0x168 ./Drivers/STM32F4xx_HAL_Driver/Src/stm32f4xx_hal_tim_ex.o
 .debug_aranges
                0x0000000000000ba8      0x200 ./Drivers/STM32F4xx_HAL_Driver/Src/stm32f4xx_hal_uart.o

.debug_ranges   0x0000000000000000      0xcd0
 .debug_ranges  0x0000000000000000       0x30 ./Core/Src/encoder.o
 .debug_ranges  0x0000000000000030       0x60 ./Core/Src/main.o
 .debug_ranges  0x0000000000000090       0x68 ./Core/Src/motorDriver.o
 .debug_ranges  0x00000000000000f8       0x80 ./Core/Src/pid.o
 .debug_ranges  0x0000000000000178       0x38 ./Core/Src/serial.o
 .debug_ranges  0x00000000000001b0       0x48 ./Core/Src/stm32f4xx_hal_msp.o
 .debug_ranges  0x00000000000001f8       0x90 ./Core/Src/stm32f4xx_it.o
 .debug_ranges  0x0000000000000288       0x18 ./Core/Src/system_stm32f4xx.o
 .debug_ranges  0x00000000000002a0       0x30 ./Core/Src/virtualTimer.o
 .debug_ranges  0x00000000000002d0       0x20 ./Core/Startup/startup_stm32f401rbtx.o
 .debug_ranges  0x00000000000002f0       0xe0 ./Drivers/STM32F4xx_HAL_Driver/Src/stm32f4xx_hal.o
 .debug_ranges  0x00000000000003d0      0x108 ./Drivers/STM32F4xx_HAL_Driver/Src/stm32f4xx_hal_cortex.o
 .debug_ranges  0x00000000000004d8       0x48 ./Drivers/STM32F4xx_HAL_Driver/Src/stm32f4xx_hal_gpio.o
 .debug_ranges  0x0000000000000520       0x78 ./Drivers/STM32F4xx_HAL_Driver/Src/stm32f4xx_hal_rcc.o
 .debug_ranges  0x0000000000000598      0x3c0 ./Drivers/STM32F4xx_HAL_Driver/Src/stm32f4xx_hal_tim.o
 .debug_ranges  0x0000000000000958      0x158 ./Drivers/STM32F4xx_HAL_Driver/Src/stm32f4xx_hal_tim_ex.o
 .debug_ranges  0x0000000000000ab0      0x220 ./Drivers/STM32F4xx_HAL_Driver/Src/stm32f4xx_hal_uart.o

.debug_macro    0x0000000000000000    0x1724e
 .debug_macro   0x0000000000000000      0x306 ./Core/Src/encoder.o
 .debug_macro   0x0000000000000306      0xa78 ./Core/Src/encoder.o
 .debug_macro   0x0000000000000d7e      0x29b ./Core/Src/encoder.o
 .debug_macro   0x0000000000001019       0x2e ./Core/Src/encoder.o
 .debug_macro   0x0000000000001047       0x28 ./Core/Src/encoder.o
 .debug_macro   0x000000000000106f       0x22 ./Core/Src/encoder.o
 .debug_macro   0x0000000000001091       0x8e ./Core/Src/encoder.o
 .debug_macro   0x000000000000111f       0x51 ./Core/Src/encoder.o
 .debug_macro   0x0000000000001170      0x103 ./Core/Src/encoder.o
 .debug_macro   0x0000000000001273       0x6a ./Core/Src/encoder.o
 .debug_macro   0x00000000000012dd      0x1df ./Core/Src/encoder.o
 .debug_macro   0x00000000000014bc       0x1c ./Core/Src/encoder.o
 .debug_macro   0x00000000000014d8       0x22 ./Core/Src/encoder.o
 .debug_macro   0x00000000000014fa       0xd9 ./Core/Src/encoder.o
 .debug_macro   0x00000000000015d3     0x102d ./Core/Src/encoder.o
 .debug_macro   0x0000000000002600      0x11f ./Core/Src/encoder.o
 .debug_macro   0x000000000000271f     0xb86c ./Core/Src/encoder.o
 .debug_macro   0x000000000000df8b       0x6d ./Core/Src/encoder.o
 .debug_macro   0x000000000000dff8     0x367e ./Core/Src/encoder.o
 .debug_macro   0x0000000000011676      0x174 ./Core/Src/encoder.o
 .debug_macro   0x00000000000117ea       0x5c ./Core/Src/encoder.o
 .debug_macro   0x0000000000011846      0x416 ./Core/Src/encoder.o
 .debug_macro   0x0000000000011c5c      0x9fe ./Core/Src/encoder.o
 .debug_macro   0x000000000001265a      0x115 ./Core/Src/encoder.o
 .debug_macro   0x000000000001276f       0xf8 ./Core/Src/encoder.o
 .debug_macro   0x0000000000012867       0xa5 ./Core/Src/encoder.o
 .debug_macro   0x000000000001290c      0x15f ./Core/Src/encoder.o
 .debug_macro   0x0000000000012a6b      0x287 ./Core/Src/encoder.o
 .debug_macro   0x0000000000012cf2       0x5f ./Core/Src/encoder.o
 .debug_macro   0x0000000000012d51      0x236 ./Core/Src/encoder.o
 .debug_macro   0x0000000000012f87      0x132 ./Core/Src/encoder.o
 .debug_macro   0x00000000000130b9      0x23a ./Core/Src/encoder.o
 .debug_macro   0x00000000000132f3       0x2e ./Core/Src/encoder.o
 .debug_macro   0x0000000000013321      0x11a ./Core/Src/encoder.o
 .debug_macro   0x000000000001343b       0x85 ./Core/Src/encoder.o
 .debug_macro   0x00000000000134c0       0x89 ./Core/Src/encoder.o
 .debug_macro   0x0000000000013549      0x8e6 ./Core/Src/encoder.o
 .debug_macro   0x0000000000013e2f       0x47 ./Core/Src/encoder.o
 .debug_macro   0x0000000000013e76      0x295 ./Core/Src/encoder.o
 .debug_macro   0x000000000001410b      0x126 ./Core/Src/encoder.o
 .debug_macro   0x0000000000014231       0x52 ./Core/Src/encoder.o
 .debug_macro   0x0000000000014283       0x1e ./Core/Src/encoder.o
 .debug_macro   0x00000000000142a1       0x3c ./Core/Src/encoder.o
 .debug_macro   0x00000000000142dd       0x34 ./Core/Src/encoder.o
 .debug_macro   0x0000000000014311       0x16 ./Core/Src/encoder.o
 .debug_macro   0x0000000000014327       0x43 ./Core/Src/encoder.o
 .debug_macro   0x000000000001436a       0x34 ./Core/Src/encoder.o
 .debug_macro   0x000000000001439e       0x10 ./Core/Src/encoder.o
 .debug_macro   0x00000000000143ae       0x58 ./Core/Src/encoder.o
 .debug_macro   0x0000000000014406       0x71 ./Core/Src/encoder.o
 .debug_macro   0x0000000000014477       0x1c ./Core/Src/encoder.o
 .debug_macro   0x0000000000014493      0x12a ./Core/Src/encoder.o
 .debug_macro   0x00000000000145bd      0x341 ./Core/Src/encoder.o
 .debug_macro   0x00000000000148fe       0x10 ./Core/Src/encoder.o
 .debug_macro   0x000000000001490e       0x35 ./Core/Src/encoder.o
 .debug_macro   0x0000000000014943       0x20 ./Core/Src/encoder.o
 .debug_macro   0x0000000000014963       0x88 ./Core/Src/encoder.o
 .debug_macro   0x00000000000149eb       0x29 ./Core/Src/encoder.o
 .debug_macro   0x0000000000014a14       0x2e ./Core/Src/encoder.o
 .debug_macro   0x0000000000014a42       0x5e ./Core/Src/encoder.o
 .debug_macro   0x0000000000014aa0      0x32e ./Core/Src/main.o
 .debug_macro   0x0000000000014dce       0x82 ./Core/Src/main.o
 .debug_macro   0x0000000000014e50       0x34 ./Core/Src/main.o
 .debug_macro   0x0000000000014e84       0x22 ./Core/Src/main.o
 .debug_macro   0x0000000000014ea6      0x19b ./Core/Src/main.o
 .debug_macro   0x0000000000015041      0x307 ./Core/Src/motorDriver.o
 .debug_macro   0x0000000000015348      0x2ba ./Core/Src/pid.o
 .debug_macro   0x0000000000015602       0x56 ./Core/Src/pid.o
 .debug_macro   0x0000000000015658      0x345 ./Core/Src/serial.o
 .debug_macro   0x000000000001599d       0x1c ./Core/Src/serial.o
 .debug_macro   0x00000000000159b9       0x16 ./Core/Src/serial.o
 .debug_macro   0x00000000000159cf       0x10 ./Core/Src/serial.o
 .debug_macro   0x00000000000159df       0x10 ./Core/Src/serial.o
 .debug_macro   0x00000000000159ef       0x1c ./Core/Src/serial.o
 .debug_macro   0x0000000000015a0b       0x52 ./Core/Src/serial.o
 .debug_macro   0x0000000000015a5d       0x22 ./Core/Src/serial.o
 .debug_macro   0x0000000000015a7f       0x10 ./Core/Src/serial.o
 .debug_macro   0x0000000000015a8f       0x52 ./Core/Src/serial.o
 .debug_macro   0x0000000000015ae1       0xd5 ./Core/Src/serial.o
 .debug_macro   0x0000000000015bb6       0x1c ./Core/Src/serial.o
 .debug_macro   0x0000000000015bd2       0x3d ./Core/Src/serial.o
 .debug_macro   0x0000000000015c0f       0x16 ./Core/Src/serial.o
 .debug_macro   0x0000000000015c25      0x145 ./Core/Src/serial.o
 .debug_macro   0x0000000000015d6a       0x4c ./Core/Src/serial.o
 .debug_macro   0x0000000000015db6      0x1dd ./Core/Src/stm32f4xx_hal_msp.o
 .debug_macro   0x0000000000015f93      0x1e7 ./Core/Src/stm32f4xx_it.o
 .debug_macro   0x000000000001617a      0x1ce ./Core/Src/system_stm32f4xx.o
 .debug_macro   0x0000000000016348      0x1d8 ./Core/Src/virtualTimer.o
 .debug_macro   0x0000000000016520      0x22e ./Drivers/STM32F4xx_HAL_Driver/Src/stm32f4xx_hal.o
 .debug_macro   0x000000000001674e      0x1ce ./Drivers/STM32F4xx_HAL_Driver/Src/stm32f4xx_hal_cortex.o
 .debug_macro   0x000000000001691c      0x1d4 ./Drivers/STM32F4xx_HAL_Driver/Src/stm32f4xx_hal_gpio.o
 .debug_macro   0x0000000000016af0      0x1f2 ./Drivers/STM32F4xx_HAL_Driver/Src/stm32f4xx_hal_rcc.o
 .debug_macro   0x0000000000016ce2      0x1cf ./Drivers/STM32F4xx_HAL_Driver/Src/stm32f4xx_hal_tim.o
 .debug_macro   0x0000000000016eb1      0x1ce ./Drivers/STM32F4xx_HAL_Driver/Src/stm32f4xx_hal_tim_ex.o
 .debug_macro   0x000000000001707f      0x1cf ./Drivers/STM32F4xx_HAL_Driver/Src/stm32f4xx_hal_uart.o

.debug_line     0x0000000000000000     0xfb86
 .debug_line    0x0000000000000000      0x976 ./Core/Src/encoder.o
 .debug_line    0x0000000000000976      0xbbe ./Core/Src/main.o
 .debug_line    0x0000000000001534      0xa24 ./Core/Src/motorDriver.o
 .debug_line    0x0000000000001f58      0xbb0 ./Core/Src/pid.o
 .debug_line    0x0000000000002b08      0x9d8 ./Core/Src/serial.o
 .debug_line    0x00000000000034e0      0x84f ./Core/Src/stm32f4xx_hal_msp.o
 .debug_line    0x0000000000003d2f      0x846 ./Core/Src/stm32f4xx_it.o
 .debug_line    0x0000000000004575      0x745 ./Core/Src/system_stm32f4xx.o
 .debug_line    0x0000000000004cba      0x82b ./Core/Src/virtualTimer.o
 .debug_line    0x00000000000054e5       0x88 ./Core/Startup/startup_stm32f401rbtx.o
 .debug_line    0x000000000000556d      0x9ab ./Drivers/STM32F4xx_HAL_Driver/Src/stm32f4xx_hal.o
 .debug_line    0x0000000000005f18      0xc5a ./Drivers/STM32F4xx_HAL_Driver/Src/stm32f4xx_hal_cortex.o
 .debug_line    0x0000000000006b72      0xae3 ./Drivers/STM32F4xx_HAL_Driver/Src/stm32f4xx_hal_gpio.o
 .debug_line    0x0000000000007655      0xd25 ./Drivers/STM32F4xx_HAL_Driver/Src/stm32f4xx_hal_rcc.o
 .debug_line    0x000000000000837a     0x3479 ./Drivers/STM32F4xx_HAL_Driver/Src/stm32f4xx_hal_tim.o
 .debug_line    0x000000000000b7f3     0x1943 ./Drivers/STM32F4xx_HAL_Driver/Src/stm32f4xx_hal_tim_ex.o
 .debug_line    0x000000000000d136     0x2a50 ./Drivers/STM32F4xx_HAL_Driver/Src/stm32f4xx_hal_uart.o

.debug_str      0x0000000000000000    0x8e688
 .debug_str     0x0000000000000000    0x893cc ./Core/Src/encoder.o
                                      0x89761 (size before relaxing)
 .debug_str     0x00000000000893cc     0x1375 ./Core/Src/main.o
                                      0x8a9de (size before relaxing)
 .debug_str     0x000000000008a741      0x173 ./Core/Src/motorDriver.o
                                      0x8a14a (size before relaxing)
 .debug_str     0x000000000008a8b4       0xf2 ./Core/Src/pid.o
                                      0x88f56 (size before relaxing)
 .debug_str     0x000000000008a9a6     0x1176 ./Core/Src/serial.o
                                      0x8a0cb (size before relaxing)
 .debug_str     0x000000000008bb1c      0x4b7 ./Core/Src/stm32f4xx_hal_msp.o
                                      0x86b6e (size before relaxing)
 .debug_str     0x000000000008bfd3      0x17f ./Core/Src/stm32f4xx_it.o
                                      0x864bf (size before relaxing)
 .debug_str     0x000000000008c152       0xdb ./Core/Src/system_stm32f4xx.o
                                      0x85df7 (size before relaxing)
 .debug_str     0x000000000008c22d       0x42 ./Core/Src/virtualTimer.o
                                      0x8633a (size before relaxing)
 .debug_str     0x000000000008c26f       0x36 ./Core/Startup/startup_stm32f401rbtx.o
                                         0x63 (size before relaxing)
 .debug_str     0x000000000008c2a5      0x601 ./Drivers/STM32F4xx_HAL_Driver/Src/stm32f4xx_hal.o
                                      0x86819 (size before relaxing)
 .debug_str     0x000000000008c8a6      0x323 ./Drivers/STM32F4xx_HAL_Driver/Src/stm32f4xx_hal_cortex.o
                                      0x8653a (size before relaxing)
 .debug_str     0x000000000008cbc9      0x121 ./Drivers/STM32F4xx_HAL_Driver/Src/stm32f4xx_hal_gpio.o
                                      0x85f72 (size before relaxing)
 .debug_str     0x000000000008ccea      0x233 ./Drivers/STM32F4xx_HAL_Driver/Src/stm32f4xx_hal_rcc.o
                                      0x8622b (size before relaxing)
 .debug_str     0x000000000008cf1d      0xce4 ./Drivers/STM32F4xx_HAL_Driver/Src/stm32f4xx_hal_tim.o
                                      0x8715f (size before relaxing)
 .debug_str     0x000000000008dc01      0x493 ./Drivers/STM32F4xx_HAL_Driver/Src/stm32f4xx_hal_tim_ex.o
                                      0x8697b (size before relaxing)
 .debug_str     0x000000000008e094      0x5f4 ./Drivers/STM32F4xx_HAL_Driver/Src/stm32f4xx_hal_uart.o
                                      0x867b8 (size before relaxing)

.comment        0x0000000000000000       0x50
 .comment       0x0000000000000000       0x50 ./Core/Src/encoder.o
                                         0x51 (size before relaxing)
 .comment       0x0000000000000050       0x51 ./Core/Src/main.o
 .comment       0x0000000000000050       0x51 ./Core/Src/motorDriver.o
 .comment       0x0000000000000050       0x51 ./Core/Src/pid.o
 .comment       0x0000000000000050       0x51 ./Core/Src/serial.o
 .comment       0x0000000000000050       0x51 ./Core/Src/stm32f4xx_hal_msp.o
 .comment       0x0000000000000050       0x51 ./Core/Src/stm32f4xx_it.o
 .comment       0x0000000000000050       0x51 ./Core/Src/system_stm32f4xx.o
 .comment       0x0000000000000050       0x51 ./Core/Src/virtualTimer.o
 .comment       0x0000000000000050       0x51 ./Drivers/STM32F4xx_HAL_Driver/Src/stm32f4xx_hal.o
 .comment       0x0000000000000050       0x51 ./Drivers/STM32F4xx_HAL_Driver/Src/stm32f4xx_hal_cortex.o
 .comment       0x0000000000000050       0x51 ./Drivers/STM32F4xx_HAL_Driver/Src/stm32f4xx_hal_gpio.o
 .comment       0x0000000000000050       0x51 ./Drivers/STM32F4xx_HAL_Driver/Src/stm32f4xx_hal_rcc.o
 .comment       0x0000000000000050       0x51 ./Drivers/STM32F4xx_HAL_Driver/Src/stm32f4xx_hal_tim.o
 .comment       0x0000000000000050       0x51 ./Drivers/STM32F4xx_HAL_Driver/Src/stm32f4xx_hal_tim_ex.o
 .comment       0x0000000000000050       0x51 ./Drivers/STM32F4xx_HAL_Driver/Src/stm32f4xx_hal_uart.o

.debug_frame    0x0000000000000000     0x3ad8
 .debug_frame   0x0000000000000000       0xd8 ./Core/Src/encoder.o
 .debug_frame   0x00000000000000d8      0x188 ./Core/Src/main.o
 .debug_frame   0x0000000000000260      0x1d4 ./Core/Src/motorDriver.o
 .debug_frame   0x0000000000000434      0x248 ./Core/Src/pid.o
 .debug_frame   0x000000000000067c      0x124 ./Core/Src/serial.o
 .debug_frame   0x00000000000007a0      0x134 ./Core/Src/stm32f4xx_hal_msp.o
 .debug_frame   0x00000000000008d4      0x1e4 ./Core/Src/stm32f4xx_it.o
 .debug_frame   0x0000000000000ab8       0x58 ./Core/Src/system_stm32f4xx.o
 .debug_frame   0x0000000000000b10       0xcc ./Core/Src/virtualTimer.o
 .debug_frame   0x0000000000000bdc      0x374 ./Drivers/STM32F4xx_HAL_Driver/Src/stm32f4xx_hal.o
 .debug_frame   0x0000000000000f50      0x498 ./Drivers/STM32F4xx_HAL_Driver/Src/stm32f4xx_hal_cortex.o
 .debug_frame   0x00000000000013e8      0x14c ./Drivers/STM32F4xx_HAL_Driver/Src/stm32f4xx_hal_gpio.o
 .debug_frame   0x0000000000001534      0x1f4 ./Drivers/STM32F4xx_HAL_Driver/Src/stm32f4xx_hal_rcc.o
 .debug_frame   0x0000000000001728     0x11bc ./Drivers/STM32F4xx_HAL_Driver/Src/stm32f4xx_hal_tim.o
 .debug_frame   0x00000000000028e4      0x638 ./Drivers/STM32F4xx_HAL_Driver/Src/stm32f4xx_hal_tim_ex.o
 .debug_frame   0x0000000000002f1c      0x92c ./Drivers/STM32F4xx_HAL_Driver/Src/stm32f4xx_hal_uart.o
 .debug_frame   0x0000000000003848       0x2c c:/st/stm32cubeide_1.11.2/stm32cubeide/plugins/com.st.stm32cube.ide.mcu.externaltools.gnu-tools-for-stm32.10.3-2021.10.win32_1.0.100.202210260954/tools/bin/../lib/gcc/arm-none-eabi/10.3.1/../../../../arm-none-eabi/lib/thumb/v7e-m+fp/hard\libc_nano.a(lib_a-init.o)
 .debug_frame   0x0000000000003874       0x20 c:/st/stm32cubeide_1.11.2/stm32cubeide/plugins/com.st.stm32cube.ide.mcu.externaltools.gnu-tools-for-stm32.10.3-2021.10.win32_1.0.100.202210260954/tools/bin/../lib/gcc/arm-none-eabi/10.3.1/../../../../arm-none-eabi/lib/thumb/v7e-m+fp/hard\libc_nano.a(lib_a-memset.o)
 .debug_frame   0x0000000000003894       0xac c:/st/stm32cubeide_1.11.2/stm32cubeide/plugins/com.st.stm32cube.ide.mcu.externaltools.gnu-tools-for-stm32.10.3-2021.10.win32_1.0.100.202210260954/tools/bin/../lib/gcc/arm-none-eabi/10.3.1/thumb/v7e-m+fp/hard\libgcc.a(_arm_addsubdf3.o)
 .debug_frame   0x0000000000003940       0x50 c:/st/stm32cubeide_1.11.2/stm32cubeide/plugins/com.st.stm32cube.ide.mcu.externaltools.gnu-tools-for-stm32.10.3-2021.10.win32_1.0.100.202210260954/tools/bin/../lib/gcc/arm-none-eabi/10.3.1/thumb/v7e-m+fp/hard\libgcc.a(_arm_muldivdf3.o)
 .debug_frame   0x0000000000003990       0xc4 c:/st/stm32cubeide_1.11.2/stm32cubeide/plugins/com.st.stm32cube.ide.mcu.externaltools.gnu-tools-for-stm32.10.3-2021.10.win32_1.0.100.202210260954/tools/bin/../lib/gcc/arm-none-eabi/10.3.1/thumb/v7e-m+fp/hard\libgcc.a(_arm_cmpdf2.o)
 .debug_frame   0x0000000000003a54       0x24 c:/st/stm32cubeide_1.11.2/stm32cubeide/plugins/com.st.stm32cube.ide.mcu.externaltools.gnu-tools-for-stm32.10.3-2021.10.win32_1.0.100.202210260954/tools/bin/../lib/gcc/arm-none-eabi/10.3.1/thumb/v7e-m+fp/hard\libgcc.a(_arm_truncdfsf2.o)
 .debug_frame   0x0000000000003a78       0x2c c:/st/stm32cubeide_1.11.2/stm32cubeide/plugins/com.st.stm32cube.ide.mcu.externaltools.gnu-tools-for-stm32.10.3-2021.10.win32_1.0.100.202210260954/tools/bin/../lib/gcc/arm-none-eabi/10.3.1/thumb/v7e-m+fp/hard\libgcc.a(_aeabi_uldivmod.o)
 .debug_frame   0x0000000000003aa4       0x34 c:/st/stm32cubeide_1.11.2/stm32cubeide/plugins/com.st.stm32cube.ide.mcu.externaltools.gnu-tools-for-stm32.10.3-2021.10.win32_1.0.100.202210260954/tools/bin/../lib/gcc/arm-none-eabi/10.3.1/thumb/v7e-m+fp/hard\libgcc.a(_udivmoddi4.o)
