../Core/Src/main.c:92:6:ERROR_HAL_CHECK	16	static
../Core/Src/main.c:118:5:main	56	static
../Core/Src/main.c:276:6:SystemClock_Config	88	static
../Core/Src/main.c:330:13:MX_ETH_Init	8	static
../Core/Src/main.c:379:13:MX_I2C1_Init	8	static
../Core/Src/main.c:427:13:MX_TIM1_Init	112	static
../Core/Src/main.c:506:13:MX_TIM3_Init	64	static
../Core/Src/main.c:565:13:MX_TIM4_Init	64	static
../Core/Src/main.c:624:13:MX_UART4_Init	8	static
../Core/Src/main.c:659:13:MX_USART3_UART_Init	8	static
../Core/Src/main.c:694:13:MX_USB_OTG_FS_PCD_Init	8	static
../Core/Src/main.c:729:13:MX_GPIO_Init	64	static
../Core/Src/main.c:812:6:Error_Handler	4	static,ignoring_inline_asm
