../Core/Src/main.c:93:6:ERROR_HAL_CHECK	16	static
../Core/Src/main.c:119:5:main	336	static
../Core/Src/main.c:210:6:SystemClock_Config	88	static
../Core/Src/main.c:264:13:MX_ETH_Init	8	static
../Core/Src/main.c:313:13:MX_I2C1_Init	8	static
../Core/Src/main.c:361:13:MX_TIM1_Init	112	static
../Core/Src/main.c:440:13:MX_TIM3_Init	64	static
../Core/Src/main.c:499:13:MX_TIM4_Init	64	static
../Core/Src/main.c:558:13:MX_UART4_Init	8	static
../Core/Src/main.c:593:13:MX_USART3_UART_Init	8	static
../Core/Src/main.c:628:13:MX_USB_OTG_FS_PCD_Init	8	static
../Core/Src/main.c:663:13:MX_GPIO_Init	64	static
../Core/Src/main.c:746:6:Error_Handler	4	static,ignoring_inline_asm
